// Jest Snapshot v1, https://goo.gl/fbAQLP

exports[`Table has a valid snapshot 1`] = `
<div
  className="table"
>
  <div
    className="table-row"
  >
    <span
      style={
        Object {
          "width": "40%",
        }
      }
    >
      <a>
        1
      </a>
    </span>
    <span
      style={
        Object {
          "width": "30%",
        }
      }
    >
      2
    </span>
    <span
      style={
        Object {
          "width": "10%",
        }
      }
    >
      3
    </span>
    <span
      style={
        Object {
          "width": "10%",
        }
      }
    >
      4
    </span>
    <button
      className="button-inline"
      onClick={[Function]}
      type="button"
    >
       
      Dismiss
       
    </button>
  </div>
  <div
    className="table-row"
  >
    <span
      style={
        Object {
          "width": "40%",
        }
      }
    >
      <a>
        5
      </a>
    </span>
    <span
      style={
        Object {
          "width": "30%",
        }
      }
    >
      6
    </span>
    <span
      style={
        Object {
          "width": "10%",
        }
      }
    >
      7
    </span>
    <span
      style={
        Object {
          "width": "10%",
        }
      }
    >
      8
    </span>
    <button
      className="button-inline"
      onClick={[Function]}
      type="button"
    >
       
      Dismiss
       
    </button>
  </div>
</div>
`;
